[main 64e917f] auto-save: 2026-05-28 17:00
 Committer: 이승환 <iseunghwan@MacBook-Pro-2.local>
Your name and email address were configured automatically based
on your username and hostname. Please check that they are accurate.
You can suppress this message by setting them explicitly:

    git config --global user.name "Your Name"
    git config --global user.email you@example.com

After doing this, you may fix the identity used for this commit with:

    git commit --amend --reset-author

 1 file changed, 0 insertions(+), 0 deletions(-)
 create mode 100644 auto_save.log
fatal: could not read Username for 'https://github.com': Device not configured
Saved to GitHub.
Nothing new to save.
[main 0ea1d95] auto-save: 2026-05-29 10:00
 Committer: 이승환 <iseunghwan@MacBook-Pro-2.local>
Your name and email address were configured automatically based
on your username and hostname. Please check that they are accurate.
You can suppress this message by setting them explicitly:

    git config --global user.name "Your Name"
    git config --global user.email you@example.com

After doing this, you may fix the identity used for this commit with:

    git commit --amend --reset-author

 1 file changed, 1 insertion(+)
fatal: could not read Username for 'https://github.com': Device not configured
Saved to GitHub.
[main 6f44389] auto-save: 2026-05-29 11:00
 Committer: 이승환 <iseunghwan@MacBook-Pro-2.local>
Your name and email address were configured automatically based
on your username and hostname. Please check that they are accurate.
You can suppress this message by setting them explicitly:

    git config --global user.name "Your Name"
    git config --global user.email you@example.com

After doing this, you may fix the identity used for this commit with:

    git commit --amend --reset-author

 1 file changed, 16 insertions(+)
fatal: could not read Username for 'https://github.com': Device not configured
Saved to GitHub.
[main 2034f2c] auto-save: 2026-05-29 12:00
 Committer: 이승환 <iseunghwan@MacBook-Pro-2.local>
Your name and email address were configured automatically based
on your username and hostname. Please check that they are accurate.
You can suppress this message by setting them explicitly:

    git config --global user.name "Your Name"
    git config --global user.email you@example.com

After doing this, you may fix the identity used for this commit with:

    git commit --amend --reset-author

 1 file changed, 16 insertions(+)
fatal: could not read Username for 'https://github.com': Device not configured
Saved to GitHub.
[main e63029b] auto-save: 2026-05-29 13:00
 Committer: 이승환 <iseunghwan@MacBook-Pro-2.local>
Your name and email address were configured automatically based
on your username and hostname. Please check that they are accurate.
You can suppress this message by setting them explicitly:

    git config --global user.name "Your Name"
    git config --global user.email you@example.com

After doing this, you may fix the identity used for this commit with:

    git commit --amend --reset-author

 1 file changed, 16 insertions(+)
fatal: could not read Username for 'https://github.com': Device not configured
Saved to GitHub.
[main bb3a3e9] auto-save: 2026-05-29 14:00
 Committer: 이승환 <iseunghwan@MacBook-Pro-2.local>
Your name and email address were configured automatically based
on your username and hostname. Please check that they are accurate.
You can suppress this message by setting them explicitly:

    git config --global user.name "Your Name"
    git config --global user.email you@example.com

After doing this, you may fix the identity used for this commit with:

    git commit --amend --reset-author

 5 files changed, 688 insertions(+)
 create mode 100644 requirements.txt
 create mode 100644 src/01_collect_data.py
 create mode 100644 src/02_clean_data.py
 create mode 100644 src/03_dashboard.py
fatal: could not read Username for 'https://github.com': Device not configured
Saved to GitHub.
[main 44f4613] auto-save: 2026-05-29 15:00
 Committer: 이승환 <iseunghwan@MacBook-Pro-2.local>
Your name and email address were configured automatically based
on your username and hostname. Please check that they are accurate.
You can suppress this message by setting them explicitly:

    git config --global user.name "Your Name"
    git config --global user.email you@example.com

After doing this, you may fix the identity used for this commit with:

    git commit --amend --reset-author

 1 file changed, 20 insertions(+)
fatal: could not read Username for 'https://github.com': Device not configured
Saved to GitHub.
[main 52f5cd4] auto-save: 2026-05-29 16:00
 Committer: 이승환 <iseunghwan@MacBook-Pro-2.local>
Your name and email address were configured automatically based
on your username and hostname. Please check that they are accurate.
You can suppress this message by setting them explicitly:

    git config --global user.name "Your Name"
    git config --global user.email you@example.com

After doing this, you may fix the identity used for this commit with:

    git commit --amend --reset-author

 1 file changed, 16 insertions(+)
fatal: could not read Username for 'https://github.com': Device not configured
Saved to GitHub.
[main d50c138] auto-save: 2026-05-29 17:00
 Committer: 이승환 <iseunghwan@MacBook-Pro-2.local>
Your name and email address were configured automatically based
on your username and hostname. Please check that they are accurate.
You can suppress this message by setting them explicitly:

    git config --global user.name "Your Name"
    git config --global user.email you@example.com

After doing this, you may fix the identity used for this commit with:

    git commit --amend --reset-author

 1 file changed, 16 insertions(+)
fatal: could not read Username for 'https://github.com': Device not configured
Saved to GitHub.
[main 6360694] auto-save: 2026-05-29 18:00
 Committer: 이승환 <iseunghwan@MacBook-Pro-2.local>
Your name and email address were configured automatically based
on your username and hostname. Please check that they are accurate.
You can suppress this message by setting them explicitly:

    git config --global user.name "Your Name"
    git config --global user.email you@example.com

After doing this, you may fix the identity used for this commit with:

    git commit --amend --reset-author

 1 file changed, 16 insertions(+)
fatal: could not read Username for 'https://github.com': Device not configured
Saved to GitHub.
[main 7b76441] auto-save: 2026-05-29 19:00
 Committer: 이승환 <iseunghwan@MacBook-Pro-2.local>
Your name and email address were configured automatically based
on your username and hostname. Please check that they are accurate.
You can suppress this message by setting them explicitly:

    git config --global user.name "Your Name"
    git config --global user.email you@example.com

After doing this, you may fix the identity used for this commit with:

    git commit --amend --reset-author

 1 file changed, 16 insertions(+)
fatal: could not read Username for 'https://github.com': Device not configured
Saved to GitHub.
[main 9047d19] auto-save: 2026-05-29 20:00
 Committer: 이승환 <iseunghwan@MacBook-Pro-2.local>
Your name and email address were configured automatically based
on your username and hostname. Please check that they are accurate.
You can suppress this message by setting them explicitly:

    git config --global user.name "Your Name"
    git config --global user.email you@example.com

After doing this, you may fix the identity used for this commit with:

    git commit --amend --reset-author

 1 file changed, 16 insertions(+)
fatal: could not read Username for 'https://github.com': Device not configured
Saved to GitHub.
[main 284e015] auto-save: 2026-05-29 21:00
 Committer: 이승환 <iseunghwan@MacBook-Pro-2.local>
Your name and email address were configured automatically based
on your username and hostname. Please check that they are accurate.
You can suppress this message by setting them explicitly:

    git config --global user.name "Your Name"
    git config --global user.email you@example.com

After doing this, you may fix the identity used for this commit with:

    git commit --amend --reset-author

 1 file changed, 16 insertions(+)
fatal: could not read Username for 'https://github.com': Device not configured
Saved to GitHub.
[main 750acf8] auto-save: 2026-05-29 22:00
 Committer: 이승환 <iseunghwan@MacBook-Pro-2.local>
Your name and email address were configured automatically based
on your username and hostname. Please check that they are accurate.
You can suppress this message by setting them explicitly:

    git config --global user.name "Your Name"
    git config --global user.email you@example.com

After doing this, you may fix the identity used for this commit with:

    git commit --amend --reset-author

 1 file changed, 16 insertions(+)
fatal: could not read Username for 'https://github.com': Device not configured
Saved to GitHub.
[main 7b48ec3] auto-save: 2026-05-29 23:00
 Committer: 이승환 <iseunghwan@MacBook-Pro-2.local>
Your name and email address were configured automatically based
on your username and hostname. Please check that they are accurate.
You can suppress this message by setting them explicitly:

    git config --global user.name "Your Name"
    git config --global user.email you@example.com

After doing this, you may fix the identity used for this commit with:

    git commit --amend --reset-author

 1 file changed, 16 insertions(+)
fatal: could not read Username for 'https://github.com': Device not configured
Saved to GitHub.
[main 6cebb14] auto-save: 2026-05-30 00:00
 Committer: 이승환 <iseunghwan@MacBook-Pro-2.local>
Your name and email address were configured automatically based
on your username and hostname. Please check that they are accurate.
You can suppress this message by setting them explicitly:

    git config --global user.name "Your Name"
    git config --global user.email you@example.com

After doing this, you may fix the identity used for this commit with:

    git commit --amend --reset-author

 1 file changed, 16 insertions(+)
fatal: could not read Username for 'https://github.com': Device not configured
Saved to GitHub.
[main 38ac262] auto-save: 2026-05-30 01:00
 Committer: 이승환 <iseunghwan@MacBook-Pro-2.local>
Your name and email address were configured automatically based
on your username and hostname. Please check that they are accurate.
You can suppress this message by setting them explicitly:

    git config --global user.name "Your Name"
    git config --global user.email you@example.com

After doing this, you may fix the identity used for this commit with:

    git commit --amend --reset-author

 1 file changed, 16 insertions(+)
fatal: could not read Username for 'https://github.com': Device not configured
Saved to GitHub.
[main 3e7ecbe] auto-save: 2026-05-30 02:00
 Committer: 이승환 <iseunghwan@MacBook-Pro-2.local>
Your name and email address were configured automatically based
on your username and hostname. Please check that they are accurate.
You can suppress this message by setting them explicitly:

    git config --global user.name "Your Name"
    git config --global user.email you@example.com

After doing this, you may fix the identity used for this commit with:

    git commit --amend --reset-author

 1 file changed, 16 insertions(+)
fatal: could not read Username for 'https://github.com': Device not configured
Saved to GitHub.
[main f1832c9] auto-save: 2026-05-30 03:00
 Committer: 이승환 <iseunghwan@MacBook-Pro-2.local>
Your name and email address were configured automatically based
on your username and hostname. Please check that they are accurate.
You can suppress this message by setting them explicitly:

    git config --global user.name "Your Name"
    git config --global user.email you@example.com

After doing this, you may fix the identity used for this commit with:

    git commit --amend --reset-author

 1 file changed, 16 insertions(+)
fatal: could not read Username for 'https://github.com': Device not configured
Saved to GitHub.
[main 06f0af9] auto-save: 2026-05-30 04:00
 Committer: 이승환 <iseunghwan@MacBook-Pro-2.local>
Your name and email address were configured automatically based
on your username and hostname. Please check that they are accurate.
You can suppress this message by setting them explicitly:

    git config --global user.name "Your Name"
    git config --global user.email you@example.com

After doing this, you may fix the identity used for this commit with:

    git commit --amend --reset-author

 1 file changed, 16 insertions(+)
fatal: could not read Username for 'https://github.com': Device not configured
Saved to GitHub.
[main cc60be8] auto-save: 2026-05-30 05:00
 Committer: 이승환 <iseunghwan@MacBook-Pro-2.local>
Your name and email address were configured automatically based
on your username and hostname. Please check that they are accurate.
You can suppress this message by setting them explicitly:

    git config --global user.name "Your Name"
    git config --global user.email you@example.com

After doing this, you may fix the identity used for this commit with:

    git commit --amend --reset-author

 1 file changed, 16 insertions(+)
fatal: could not read Username for 'https://github.com': Device not configured
Saved to GitHub.
[main 1569755] auto-save: 2026-05-30 06:00
 Committer: 이승환 <iseunghwan@MacBook-Pro-2.local>
Your name and email address were configured automatically based
on your username and hostname. Please check that they are accurate.
You can suppress this message by setting them explicitly:

    git config --global user.name "Your Name"
    git config --global user.email you@example.com

After doing this, you may fix the identity used for this commit with:

    git commit --amend --reset-author

 1 file changed, 16 insertions(+)
fatal: could not read Username for 'https://github.com': Device not configured
Saved to GitHub.
[main 7cdb6e1] auto-save: 2026-05-30 07:00
 Committer: 이승환 <iseunghwan@MacBook-Pro-2.local>
Your name and email address were configured automatically based
on your username and hostname. Please check that they are accurate.
You can suppress this message by setting them explicitly:

    git config --global user.name "Your Name"
    git config --global user.email you@example.com

After doing this, you may fix the identity used for this commit with:

    git commit --amend --reset-author

 1 file changed, 16 insertions(+)
fatal: could not read Username for 'https://github.com': Device not configured
Saved to GitHub.
[main 1ac3f2c] auto-save: 2026-05-30 08:00
 Committer: 이승환 <iseunghwan@MacBook-Pro-2.local>
Your name and email address were configured automatically based
on your username and hostname. Please check that they are accurate.
You can suppress this message by setting them explicitly:

    git config --global user.name "Your Name"
    git config --global user.email you@example.com

After doing this, you may fix the identity used for this commit with:

    git commit --amend --reset-author

 1 file changed, 16 insertions(+)
fatal: could not read Username for 'https://github.com': Device not configured
Saved to GitHub.
[main 963656f] auto-save: 2026-05-30 09:00
 Committer: 이승환 <iseunghwan@MacBook-Pro-2.local>
Your name and email address were configured automatically based
on your username and hostname. Please check that they are accurate.
You can suppress this message by setting them explicitly:

    git config --global user.name "Your Name"
    git config --global user.email you@example.com

After doing this, you may fix the identity used for this commit with:

    git commit --amend --reset-author

 1 file changed, 16 insertions(+)
fatal: could not read Username for 'https://github.com': Device not configured
Saved to GitHub.
[main 5eee94b] auto-save: 2026-05-30 10:00
 Committer: 이승환 <iseunghwan@MacBook-Pro-2.local>
Your name and email address were configured automatically based
on your username and hostname. Please check that they are accurate.
You can suppress this message by setting them explicitly:

    git config --global user.name "Your Name"
    git config --global user.email you@example.com

After doing this, you may fix the identity used for this commit with:

    git commit --amend --reset-author

 1 file changed, 16 insertions(+)
fatal: could not read Username for 'https://github.com': Device not configured
Saved to GitHub.
[main 6094ea8] auto-save: 2026-05-30 11:00
 Committer: 이승환 <iseunghwan@MacBook-Pro-2.local>
Your name and email address were configured automatically based
on your username and hostname. Please check that they are accurate.
You can suppress this message by setting them explicitly:

    git config --global user.name "Your Name"
    git config --global user.email you@example.com

After doing this, you may fix the identity used for this commit with:

    git commit --amend --reset-author

 1 file changed, 16 insertions(+)
fatal: could not read Username for 'https://github.com': Device not configured
Saved to GitHub.
[main b6cbd64] auto-save: 2026-05-30 12:00
 Committer: 이승환 <iseunghwan@MacBook-Pro-2.local>
Your name and email address were configured automatically based
on your username and hostname. Please check that they are accurate.
You can suppress this message by setting them explicitly:

    git config --global user.name "Your Name"
    git config --global user.email you@example.com

After doing this, you may fix the identity used for this commit with:

    git commit --amend --reset-author

 1 file changed, 16 insertions(+)
fatal: could not read Username for 'https://github.com': Device not configured
Saved to GitHub.
[main 4b14bb1] auto-save: 2026-05-30 13:00
 Committer: 이승환 <iseunghwan@MacBook-Pro-2.local>
Your name and email address were configured automatically based
on your username and hostname. Please check that they are accurate.
You can suppress this message by setting them explicitly:

    git config --global user.name "Your Name"
    git config --global user.email you@example.com

After doing this, you may fix the identity used for this commit with:

    git commit --amend --reset-author

 1 file changed, 16 insertions(+)
fatal: could not read Username for 'https://github.com': Device not configured
Saved to GitHub.
